\BOOKMARK [0][-]{capitulo.1.0}{\376\377\000C\000A\000P\000\315\000T\000U\000L\000O\000\040\0001\000:\000\040\000I\000N\000T\000R\000O\000D\000U\000C\000C\000I\000\323\000N}{}% 1
\BOOKMARK [1][-]{section.1.1}{\376\377\000I\000n\000t\000r\000o\000d\000u\000c\000c\000i\000\363\000n}{capitulo.1.0}% 2
\BOOKMARK [2][-]{subsection.1.1.1}{\376\377\000L\000a\000\040\000i\000m\000p\000o\000r\000t\000a\000n\000c\000i\000a\000\040\000d\000e\000\040\000l\000a\000\040\000a\000d\000m\000i\000n\000i\000s\000t\000r\000a\000c\000i\000\363\000n\000\040\000d\000e\000\040\000s\000e\000r\000v\000i\000d\000o\000r\000e\000s\000\040\000G\000N\000U\000/\000L\000i\000n\000u\000x}{section.1.1}% 3
\BOOKMARK [2][-]{subsection.1.1.2}{\376\377\000A\000n\000t\000e\000c\000e\000d\000e\000n\000t\000e\000s\000\040\000y\000\040\000c\000o\000n\000t\000e\000x\000t\000o\000\040\000d\000e\000l\000\040\000p\000r\000o\000y\000e\000c\000t\000o}{section.1.1}% 4
\BOOKMARK [2][-]{subsection.1.1.3}{\376\377\000P\000r\000o\000b\000l\000e\000m\000\341\000t\000i\000c\000a}{section.1.1}% 5
\BOOKMARK [2][-]{subsection.1.1.4}{\376\377\000P\000r\000o\000p\000\363\000s\000i\000t\000o\000\040\000d\000e\000l\000\040\000t\000r\000a\000b\000a\000j\000o\000\040\000f\000i\000n\000a\000l}{section.1.1}% 6
\BOOKMARK [2][-]{subsection.1.1.5}{\376\377\000M\000a\000r\000c\000o\000\040\000t\000e\000\363\000r\000i\000c\000o}{section.1.1}% 7
\BOOKMARK [3][-]{subsubsection.1.1.5.1}{\376\377\000E\000l\000\040\000s\000i\000s\000t\000e\000m\000a\000\040\000d\000e\000\040\000n\000o\000m\000b\000r\000e\000s\000\040\000d\000e\000\040\000d\000o\000m\000i\000n\000i\000o}{subsection.1.1.5}% 8
\BOOKMARK [3][-]{subsubsection.1.1.5.2}{\376\377\000L\000a\000\040\000a\000s\000i\000g\000n\000a\000c\000i\000\363\000n\000\040\000d\000i\000n\000\341\000m\000i\000c\000a\000\040\000d\000e\000\040\000d\000i\000r\000e\000c\000c\000i\000o\000n\000e\000s}{subsection.1.1.5}% 9
\BOOKMARK [3][-]{subsubsection.1.1.5.3}{\376\377\000E\000l\000\040\000s\000e\000r\000v\000i\000d\000o\000r\000\040\000w\000e\000b\000\040\000y\000\040\000e\000l\000\040\000p\000r\000o\000x\000y\000\040\000i\000n\000v\000e\000r\000s\000o}{subsection.1.1.5}% 10
\BOOKMARK [3][-]{subsubsection.1.1.5.4}{\376\377\000L\000a\000\040\000i\000d\000e\000n\000t\000i\000d\000a\000d\000\040\000c\000e\000n\000t\000r\000a\000l\000i\000z\000a\000d\000a}{subsection.1.1.5}% 11
\BOOKMARK [2][-]{subsection.1.1.6}{\376\377\000E\000s\000t\000r\000u\000c\000t\000u\000r\000a\000\040\000d\000e\000l\000\040\000d\000o\000c\000u\000m\000e\000n\000t\000o}{section.1.1}% 12
\BOOKMARK [0][-]{capitulo.2.0}{\376\377\000C\000A\000P\000\315\000T\000U\000L\000O\000\040\0002\000:\000\040\000O\000B\000J\000E\000T\000I\000V\000O\000S\000\040\000D\000E\000L\000\040\000P\000R\000O\000Y\000E\000C\000T\000O}{}% 13
\BOOKMARK [1][-]{section.2.1}{\376\377\000O\000b\000j\000e\000t\000i\000v\000o\000s\000\040\000d\000e\000l\000\040\000p\000r\000o\000y\000e\000c\000t\000o}{capitulo.2.0}% 14
\BOOKMARK [2][-]{subsection.2.1.1}{\376\377\000O\000b\000j\000e\000t\000i\000v\000o\000\040\000g\000e\000n\000e\000r\000a\000l}{section.2.1}% 15
\BOOKMARK [2][-]{subsection.2.1.2}{\376\377\000O\000b\000j\000e\000t\000i\000v\000o\000s\000\040\000e\000s\000p\000e\000c\000\355\000f\000i\000c\000o\000s}{section.2.1}% 16
\BOOKMARK [0][-]{capitulo.3.0}{\376\377\000C\000A\000P\000\315\000T\000U\000L\000O\000\040\0003\000:\000\040\000D\000I\000A\000G\000R\000A\000M\000A\000\040\000A\000R\000Q\000U\000I\000T\000E\000C\000T\000\323\000N\000I\000C\000O\000\040\000F\000I\000N\000A\000L}{}% 17
\BOOKMARK [1][-]{section.3.1}{\376\377\000D\000i\000a\000g\000r\000a\000m\000a\000\040\000a\000r\000q\000u\000i\000t\000e\000c\000t\000\363\000n\000i\000c\000o\000\040\000f\000i\000n\000a\000l}{capitulo.3.0}% 18
\BOOKMARK [2][-]{subsection.3.1.1}{\376\377\000S\000e\000g\000m\000e\000n\000t\000a\000c\000i\000\363\000n\000\040\000d\000e\000\040\000r\000e\000d}{section.3.1}% 19
\BOOKMARK [2][-]{subsection.3.1.2}{\376\377\000S\000e\000r\000v\000i\000d\000o\000r\000e\000s\000\040\000y\000\040\000r\000o\000l\000e\000s}{section.3.1}% 20
\BOOKMARK [2][-]{subsection.3.1.3}{\376\377\000F\000l\000u\000j\000o\000\040\000d\000e\000\040\000c\000o\000m\000u\000n\000i\000c\000a\000c\000i\000\363\000n\000\040\000e\000n\000t\000r\000e\000\040\000s\000e\000r\000v\000i\000c\000i\000o\000s}{section.3.1}% 21
\BOOKMARK [2][-]{subsection.3.1.4}{\376\377\000J\000u\000s\000t\000i\000f\000i\000c\000a\000c\000i\000\363\000n\000\040\000t\000\351\000c\000n\000i\000c\000a\000\040\000d\000e\000l\000\040\000d\000i\000s\000e\000\361\000o}{section.3.1}% 22
\BOOKMARK [0][-]{capitulo.4.0}{\376\377\000C\000A\000P\000\315\000T\000U\000L\000O\000\040\0004\000:\000\040\000D\000E\000S\000A\000R\000R\000O\000L\000L\000O\000\040\000T\000\311\000C\000N\000I\000C\000O\000\040\000D\000E\000L\000\040\000P\000R\000O\000Y\000E\000C\000T\000O}{}% 23
\BOOKMARK [1][-]{section.4.1}{\376\377\000D\000e\000s\000a\000r\000r\000o\000l\000l\000o\000\040\000t\000\351\000c\000n\000i\000c\000o\000\040\000d\000e\000l\000\040\000p\000r\000o\000y\000e\000c\000t\000o}{capitulo.4.0}% 24
\BOOKMARK [1][-]{section.4.2}{\376\377\000S\000e\000r\000v\000i\000d\000o\000r\000\040\000d\000e\000\040\000c\000o\000r\000r\000e\000o\000\040\000e\000l\000e\000c\000t\000r\000\363\000n\000i\000c\000o}{capitulo.4.0}% 25
\BOOKMARK [2][-]{subsection.4.2.1}{\376\377\000A\000r\000q\000u\000i\000t\000e\000c\000t\000u\000r\000a\000\040\000d\000e\000l\000\040\000s\000e\000r\000v\000i\000c\000i\000o}{section.4.2}% 26
\BOOKMARK [2][-]{subsection.4.2.2}{\376\377\000I\000n\000s\000t\000a\000l\000a\000c\000i\000\363\000n\000\040\000d\000e\000\040\000p\000a\000q\000u\000e\000t\000e\000s}{section.4.2}% 27
\BOOKMARK [2][-]{subsection.4.2.3}{\376\377\000C\000o\000n\000f\000i\000g\000u\000r\000a\000c\000i\000\363\000n\000\040\000d\000e\000l\000\040\000s\000e\000r\000v\000i\000d\000o\000r\000\040\000D\000N\000S}{section.4.2}% 28
\BOOKMARK [2][-]{subsection.4.2.4}{\376\377\000C\000o\000n\000f\000i\000g\000u\000r\000a\000c\000i\000\363\000n\000\040\000d\000e\000l\000\040\000s\000e\000r\000v\000i\000d\000o\000r\000\040\000S\000M\000T\000P}{section.4.2}% 29
\BOOKMARK [2][-]{subsection.4.2.5}{\376\377\000C\000o\000n\000f\000i\000g\000u\000r\000a\000c\000i\000\363\000n\000\040\000d\000e\000l\000\040\000s\000e\000r\000v\000i\000d\000o\000r\000\040\000I\000M\000A\000P\000/\000P\000O\000P\0003}{section.4.2}% 30
\BOOKMARK [2][-]{subsection.4.2.6}{\376\377\000P\000r\000u\000e\000b\000a\000s\000\040\000d\000e\000\040\000c\000o\000n\000e\000c\000t\000i\000v\000i\000d\000a\000d\000\040\000y\000\040\000d\000e\000\040\000e\000n\000v\000\355\000o}{section.4.2}% 31
\BOOKMARK [2][-]{subsection.4.2.7}{\376\377\000A\000c\000c\000e\000s\000o\000\040\000d\000e\000s\000d\000e\000\040\000c\000l\000i\000e\000n\000t\000e\000s}{section.4.2}% 32
\BOOKMARK [1][-]{section.4.3}{\376\377\000S\000e\000r\000v\000i\000d\000o\000r\000\040\000d\000e\000\040\000a\000r\000c\000h\000i\000v\000o\000s\000\040\000m\000u\000l\000t\000i\000-\000p\000r\000o\000t\000o\000c\000o\000l\000o}{capitulo.4.0}% 33
\BOOKMARK [2][-]{subsection.4.3.1}{\376\377\000C\000o\000n\000f\000i\000g\000u\000r\000a\000c\000i\000\363\000n\000\040\000d\000e\000\040\000S\000a\000m\000b\000a}{section.4.3}% 34
\BOOKMARK [2][-]{subsection.4.3.2}{\376\377\000C\000o\000n\000f\000i\000g\000u\000r\000a\000c\000i\000\363\000n\000\040\000d\000e\000\040\000N\000F\000S}{section.4.3}% 35
\BOOKMARK [2][-]{subsection.4.3.3}{\376\377\000I\000n\000t\000e\000r\000f\000a\000z\000\040\000w\000e\000b\000\040\000d\000e\000\040\000a\000r\000c\000h\000i\000v\000o\000s}{section.4.3}% 36
\BOOKMARK [1][-]{section.4.4}{\376\377\000S\000e\000r\000v\000i\000d\000o\000r\000\040\000d\000h\000c\000p}{capitulo.4.0}% 37
\BOOKMARK [2][-]{subsection.4.4.1}{\376\377\000A\000r\000q\000u\000i\000t\000e\000c\000t\000u\000r\000a\000\040\000y\000\040\000s\000e\000g\000m\000e\000n\000t\000a\000c\000i\000\363\000n\000\040\000d\000e\000\040\000d\000i\000r\000e\000c\000c\000i\000o\000n\000e\000s}{section.4.4}% 38
\BOOKMARK [2][-]{subsection.4.4.2}{\376\377\000I\000n\000s\000t\000a\000l\000a\000c\000i\000\363\000n\000\040\000y\000\040\000c\000o\000n\000f\000i\000g\000u\000r\000a\000c\000i\000\363\000n\000\040\000d\000e\000l\000\040\000s\000e\000r\000v\000i\000d\000o\000r}{section.4.4}% 39
\BOOKMARK [2][-]{subsection.4.4.3}{\376\377\000D\000e\000s\000a\000c\000t\000i\000v\000a\000c\000i\000\363\000n\000\040\000d\000e\000l\000\040\000d\000h\000c\000p\000\040\000d\000e\000l\000\040\000r\000o\000u\000t\000e\000r}{section.4.4}% 40
\BOOKMARK [2][-]{subsection.4.4.4}{\376\377\000V\000e\000r\000i\000f\000i\000c\000a\000c\000i\000\363\000n\000\040\000y\000\040\000p\000r\000u\000e\000b\000a\000s\000\040\000d\000e\000\040\000a\000s\000i\000g\000n\000a\000c\000i\000\363\000n}{section.4.4}% 41
\BOOKMARK [1][-]{section.4.5}{\376\377\000S\000e\000r\000v\000i\000d\000o\000r\000\040\000W\000e\000b\000\040\000c\000o\000n\000\040\000p\000r\000o\000x\000y\000\040\000i\000n\000v\000e\000r\000s\000o}{capitulo.4.0}% 42
\BOOKMARK [2][-]{subsection.4.5.1}{\376\377\000A\000r\000q\000u\000i\000t\000e\000c\000t\000u\000r\000a\000\040\000d\000e\000l\000\040\000s\000e\000r\000v\000i\000c\000i\000o}{section.4.5}% 43
\BOOKMARK [2][-]{subsection.4.5.2}{\376\377\000I\000n\000s\000t\000a\000l\000a\000c\000i\000\363\000n\000\040\000y\000\040\000a\000r\000r\000a\000n\000q\000u\000e\000\040\000d\000e\000l\000\040\000s\000e\000r\000v\000i\000c\000i\000o}{section.4.5}% 44
\BOOKMARK [2][-]{subsection.4.5.3}{\376\377\000A\000p\000l\000i\000c\000a\000c\000i\000\363\000n\000\040\000d\000e\000\040\000t\000l\000s\000\040\000y\000\040\000p\000r\000u\000e\000b\000a\000s\000\040\000d\000e\000\040\000a\000c\000c\000e\000s\000o}{section.4.5}% 45
\BOOKMARK [1][-]{section.4.6}{\376\377\000C\000o\000n\000t\000r\000o\000l\000a\000d\000o\000r\000\040\000d\000e\000\040\000d\000o\000m\000i\000n\000i\000o\000\040\000S\000a\000m\000b\000a\000\040\0004\000\040\000A\000c\000t\000i\000v\000e\000\040\000D\000i\000r\000e\000c\000t\000o\000r\000y}{capitulo.4.0}% 46
\BOOKMARK [2][-]{subsection.4.6.1}{\376\377\000P\000r\000e\000p\000a\000r\000a\000c\000i\000\363\000n\000\040\000d\000e\000l\000\040\000s\000i\000s\000t\000e\000m\000a}{section.4.6}% 47
\BOOKMARK [2][-]{subsection.4.6.2}{\376\377\000I\000n\000s\000t\000a\000l\000a\000c\000i\000\363\000n\000\040\000d\000e\000\040\000S\000a\000m\000b\000a\000\040\0004\000\040\000y\000\040\000p\000r\000o\000m\000o\000c\000i\000\363\000n\000\040\000d\000e\000l\000\040\000s\000e\000r\000v\000i\000d\000o\000r}{section.4.6}% 48
\BOOKMARK [2][-]{subsection.4.6.3}{\376\377\000C\000o\000n\000f\000i\000g\000u\000r\000a\000c\000i\000\363\000n\000\040\000d\000e\000l\000\040\000d\000n\000s\000\040\000d\000e\000l\000\040\000d\000o\000m\000i\000n\000i\000o}{section.4.6}% 49
\BOOKMARK [2][-]{subsection.4.6.4}{\376\377\000C\000o\000n\000f\000i\000g\000u\000r\000a\000c\000i\000\363\000n\000\040\000d\000e\000l\000\040\000s\000e\000r\000v\000i\000c\000i\000o\000\040\000d\000h\000c\000p\000\040\000e\000n\000\040\000e\000l\000\040\000d\000o\000m\000i\000n\000i\000o}{section.4.6}% 50
\BOOKMARK [2][-]{subsection.4.6.5}{\376\377\000A\000d\000m\000i\000n\000i\000s\000t\000r\000a\000c\000i\000\363\000n\000\040\000d\000e\000\040\000u\000s\000u\000a\000r\000i\000o\000s\000\040\000y\000\040\000g\000r\000u\000p\000o\000s}{section.4.6}% 51
\BOOKMARK [2][-]{subsection.4.6.6}{\376\377\000U\000n\000i\000\363\000n\000\040\000d\000e\000\040\000c\000l\000i\000e\000n\000t\000e\000s\000\040\000y\000\040\000v\000e\000r\000i\000f\000i\000c\000a\000c\000i\000\363\000n\000\040\000d\000e\000l\000\040\000d\000o\000m\000i\000n\000i\000o}{section.4.6}% 52
\BOOKMARK [2][-]{subsection.4.6.7}{\376\377\000P\000u\000e\000r\000t\000o\000s\000\040\000p\000u\000b\000l\000i\000c\000a\000d\000o\000s\000\040\000p\000o\000r\000\040\000e\000l\000\040\000d\000o\000m\000i\000n\000i\000o}{section.4.6}% 53
\BOOKMARK [1][-]{section.4.7}{\376\377\000D\000N\000S\000\040\000d\000e\000l\000\040\000d\000o\000m\000i\000n\000i\000o\000\040\000y\000\040\000s\000e\000r\000v\000i\000d\000o\000r\000\040\000W\000e\000b\000\040\000i\000n\000t\000e\000g\000r\000a\000d\000o}{capitulo.4.0}% 54
\BOOKMARK [2][-]{subsection.4.7.1}{\376\377\000A\000r\000q\000u\000i\000t\000e\000c\000t\000u\000r\000a\000\040\000c\000o\000n\000j\000u\000n\000t\000a\000\040\000d\000n\000s\000\040\000+\000\040\000w\000e\000b}{section.4.7}% 55
\BOOKMARK [2][-]{subsection.4.7.2}{\376\377\000E\000l\000\040\000d\000n\000s\000\040\000a\000u\000t\000o\000r\000i\000t\000a\000t\000i\000v\000o\000\040\000s\000e\000r\000v\000i\000d\000o\000\040\000p\000o\000r\000\040\000S\000a\000m\000b\000a}{section.4.7}% 56
\BOOKMARK [2][-]{subsection.4.7.3}{\376\377\000R\000e\000g\000i\000s\000t\000r\000o\000s\000\040\000d\000e\000\040\000l\000a\000\040\000z\000o\000n\000a\000\040\000y\000\040\000d\000e\000\040\000d\000e\000s\000c\000u\000b\000r\000i\000m\000i\000e\000n\000t\000o}{section.4.7}% 57
\BOOKMARK [2][-]{subsection.4.7.4}{\376\377\000R\000e\000g\000i\000s\000t\000r\000o\000s\000\040\000d\000e\000\040\000l\000o\000s\000\040\000e\000q\000u\000i\000p\000o\000s\000\040\000d\000e\000\040\000a\000d\000m\000i\000n\000i\000s\000t\000r\000a\000c\000i\000\363\000n}{section.4.7}% 58
\BOOKMARK [2][-]{subsection.4.7.5}{\376\377\000R\000e\000e\000n\000v\000\355\000o\000\040\000h\000a\000c\000i\000a\000\040\000I\000n\000t\000e\000r\000n\000e\000t}{section.4.7}% 59
\BOOKMARK [2][-]{subsection.4.7.6}{\376\377\000I\000n\000t\000e\000g\000r\000a\000c\000i\000\363\000n\000\040\000c\000o\000n\000\040\000e\000l\000\040\000s\000e\000r\000v\000i\000c\000i\000o\000\040\000d\000h\000c\000p}{section.4.7}% 60
\BOOKMARK [2][-]{subsection.4.7.7}{\376\377\000N\000g\000i\000n\000x\000\040\000c\000o\000m\000o\000\040\000c\000o\000n\000t\000e\000n\000e\000d\000o\000r\000\040\000y\000\040\000p\000r\000o\000x\000y\000\040\000i\000n\000v\000e\000r\000s\000o}{section.4.7}% 61
\BOOKMARK [2][-]{subsection.4.7.8}{\376\377\000h\000t\000t\000p\000s\000\040\000c\000o\000n\000\040\000a\000u\000t\000o\000r\000i\000d\000a\000d\000\040\000d\000e\000\040\000c\000e\000r\000t\000i\000f\000i\000c\000a\000c\000i\000\363\000n\000\040\000i\000n\000t\000e\000r\000n\000a}{section.4.7}% 62
\BOOKMARK [2][-]{subsection.4.7.9}{\376\377\000P\000r\000o\000x\000y\000\040\000h\000a\000c\000i\000a\000\040\000l\000o\000s\000\040\000s\000e\000r\000v\000i\000c\000i\000o\000s\000\040\000d\000e\000\040\000l\000o\000s\000\040\000a\000d\000m\000i\000n\000i\000s\000t\000r\000a\000d\000o\000r\000e\000s}{section.4.7}% 63
\BOOKMARK [2][-]{subsection.4.7.10}{\376\377\000P\000r\000u\000e\000b\000a\000s\000\040\000d\000e\000\040\000i\000n\000t\000e\000g\000r\000a\000c\000i\000\363\000n\000\040\000d\000e\000s\000d\000e\000\040\000u\000n\000\040\000c\000l\000i\000e\000n\000t\000e}{section.4.7}% 64
\BOOKMARK [1][-]{section.4.8}{\376\377\000M\000e\000d\000i\000d\000a\000s\000\040\000d\000e\000\040\000s\000e\000g\000u\000r\000i\000d\000a\000d\000\040\000a\000p\000l\000i\000c\000a\000d\000a\000s}{capitulo.4.0}% 65
\BOOKMARK [2][-]{subsection.4.8.1}{\376\377\000S\000e\000g\000u\000r\000i\000d\000a\000d\000\040\000p\000e\000r\000i\000m\000e\000t\000r\000a\000l\000\040\000y\000\040\000c\000o\000n\000t\000r\000o\000l\000\040\000d\000e\000\040\000a\000c\000c\000e\000s\000o}{section.4.8}% 66
\BOOKMARK [2][-]{subsection.4.8.2}{\376\377\000A\000i\000s\000l\000a\000m\000i\000e\000n\000t\000o\000\040\000d\000e\000\040\000s\000e\000r\000v\000i\000c\000i\000o\000s\000\040\000i\000n\000t\000e\000r\000n\000o\000s}{section.4.8}% 67
\BOOKMARK [2][-]{subsection.4.8.3}{\376\377\000A\000u\000t\000e\000n\000t\000i\000c\000a\000c\000i\000\363\000n\000\040\000y\000\040\000c\000o\000n\000t\000r\000o\000l\000\040\000d\000e\000\040\000a\000c\000c\000e\000s\000o\000\040\000p\000o\000r\000\040\000r\000o\000l}{section.4.8}% 68
\BOOKMARK [2][-]{subsection.4.8.4}{\376\377\000C\000i\000f\000r\000a\000d\000o\000\040\000d\000e\000l\000\040\000t\000r\000\341\000f\000i\000c\000o}{section.4.8}% 69
\BOOKMARK [1][-]{section.4.9}{\376\377\000P\000r\000u\000e\000b\000a\000s\000\040\000f\000u\000n\000c\000i\000o\000n\000a\000l\000e\000s\000\040\000y\000\040\000v\000a\000l\000i\000d\000a\000c\000i\000\363\000n\000\040\000d\000e\000\040\000l\000a\000\040\000i\000n\000f\000r\000a\000e\000s\000t\000r\000u\000c\000t\000u\000r\000a}{capitulo.4.0}% 70
\BOOKMARK [0][-]{capitulo.5.0}{\376\377\000C\000A\000P\000\315\000T\000U\000L\000O\000\040\0005\000:\000\040\000D\000E\000S\000A\000F\000\315\000O\000S\000\040\000D\000E\000\040\000I\000M\000P\000L\000E\000M\000E\000N\000T\000A\000C\000I\000\323\000N\000\040\000Y\000\040\000S\000O\000L\000U\000C\000I\000O\000N\000E\000S\000\040\000A\000P\000L\000I\000C\000A\000D\000A\000S}{}% 71
\BOOKMARK [1][-]{section.5.1}{\376\377\000D\000e\000s\000a\000f\000\355\000o\000s\000\040\000d\000e\000\040\000i\000m\000p\000l\000e\000m\000e\000n\000t\000a\000c\000i\000\363\000n\000\040\000y\000\040\000s\000o\000l\000u\000c\000i\000o\000n\000e\000s\000\040\000a\000p\000l\000i\000c\000a\000d\000a\000s}{capitulo.5.0}% 72
\BOOKMARK [2][-]{subsection.5.1.1}{\376\377\000C\000o\000n\000f\000l\000i\000c\000t\000o\000\040\000e\000n\000t\000r\000e\000\040\000d\000o\000s\000\040\000s\000e\000r\000v\000i\000d\000o\000r\000e\000s\000\040\000d\000h\000c\000p\000\040\000a\000c\000t\000i\000v\000o\000s}{section.5.1}% 73
\BOOKMARK [2][-]{subsection.5.1.2}{\376\377\000V\000e\000r\000i\000f\000i\000c\000a\000c\000i\000\363\000n\000\040\000p\000r\000e\000v\000i\000a\000\040\000d\000e\000\040\000l\000a\000\040\000c\000o\000n\000e\000c\000t\000i\000v\000i\000d\000a\000d\000\040\000d\000e\000l\000\040\000c\000l\000i\000e\000n\000t\000e}{section.5.1}% 74
\BOOKMARK [2][-]{subsection.5.1.3}{\376\377\000R\000e\000s\000o\000l\000u\000c\000i\000\363\000n\000\040\000e\000r\000r\000\363\000n\000e\000a\000\040\000d\000e\000l\000\040\000h\000o\000s\000t\000n\000a\000m\000e\000\040\000a\000\040\000l\000o\000o\000p\000b\000a\000c\000k}{section.5.1}% 75
\BOOKMARK [2][-]{subsection.5.1.4}{\376\377\000D\000e\000s\000f\000a\000s\000e\000\040\000d\000e\000\040\000r\000e\000l\000o\000j\000\040\000y\000\040\000a\000u\000t\000e\000n\000t\000i\000c\000a\000c\000i\000\363\000n\000\040\000K\000e\000r\000b\000e\000r\000o\000s}{section.5.1}% 76
\BOOKMARK [2][-]{subsection.5.1.5}{\376\377\000C\000o\000n\000c\000e\000s\000i\000\363\000n\000\040\000d\000h\000c\000p\000\040\000h\000e\000r\000e\000d\000a\000d\000a\000\040\000d\000e\000l\000\040\000r\000o\000u\000t\000e\000r}{section.5.1}% 77
\BOOKMARK [2][-]{subsection.5.1.6}{\376\377\000S\000e\000r\000v\000i\000c\000i\000o\000s\000\040\000q\000u\000e\000\040\000r\000e\000q\000u\000i\000e\000r\000e\000n\000\040\000r\000e\000d\000\040\000h\000o\000s\000t\000\040\000e\000n\000\040\000c\000o\000n\000t\000e\000n\000e\000d\000o\000r\000e\000s}{section.5.1}% 78
\BOOKMARK [2][-]{subsection.5.1.7}{\376\377\000A\000d\000v\000e\000r\000t\000e\000n\000c\000i\000a\000\040\000d\000e\000\040\000s\000e\000g\000u\000r\000i\000d\000a\000d\000\040\000d\000e\000l\000\040\000n\000a\000v\000e\000g\000a\000d\000o\000r\000\040\000p\000o\000r\000\040\000a\000u\000t\000o\000r\000i\000d\000a\000d\000\040\000d\000e\000\040\000c\000e\000r\000t\000i\000f\000i\000c\000a\000c\000i\000\363\000n\000\040\000n\000o\000\040\000r\000e\000c\000o\000n\000o\000c\000i\000d\000a}{section.5.1}% 79
\BOOKMARK [0][-]{capitulo.6.0}{\376\377\000C\000A\000P\000\315\000T\000U\000L\000O\000\040\0006\000:\000\040\000C\000O\000N\000C\000L\000U\000S\000I\000O\000N\000E\000S}{}% 80
\BOOKMARK [1][-]{section.6.1}{\376\377\000C\000o\000n\000c\000l\000u\000s\000i\000o\000n\000e\000s}{capitulo.6.0}% 81
\BOOKMARK [2][-]{subsection.6.1.1}{\376\377\000R\000e\000s\000u\000l\000t\000a\000d\000o\000s\000\040\000o\000b\000t\000e\000n\000i\000d\000o\000s}{section.6.1}% 82
\BOOKMARK [2][-]{subsection.6.1.2}{\376\377\000I\000m\000p\000o\000r\000t\000a\000n\000c\000i\000a\000\040\000d\000e\000l\000\040\000p\000r\000o\000y\000e\000c\000t\000o\000\040\000e\000n\000\040\000l\000a\000\040\000f\000o\000r\000m\000a\000c\000i\000\363\000n\000\040\000p\000r\000o\000f\000e\000s\000i\000o\000n\000a\000l}{section.6.1}% 83
\BOOKMARK [2][-]{subsection.6.1.3}{\376\377\000A\000p\000r\000e\000n\000d\000i\000z\000a\000j\000e\000s\000\040\000a\000d\000q\000u\000i\000r\000i\000d\000o\000s}{section.6.1}% 84
\BOOKMARK [2][-]{subsection.6.1.4}{\376\377\000R\000e\000c\000o\000m\000e\000n\000d\000a\000c\000i\000o\000n\000e\000s\000\040\000p\000a\000r\000a\000\040\000f\000u\000t\000u\000r\000a\000s\000\040\000i\000m\000p\000l\000e\000m\000e\000n\000t\000a\000c\000i\000o\000n\000e\000s}{section.6.1}% 85
\BOOKMARK [0][-]{subsection.6.1.4}{\376\377\000R\000E\000F\000E\000R\000E\000N\000C\000I\000A\000S}{}% 86
